mysql> use pxs9233;
No connection. Trying to reconnect...
Connection id:    744
Current database: *** NONE ***

Database changed
mysql> select * from book_overdue;
+--------+-----------+------------+-------------+
| Number | Ssn       | Isbn       | Notice_date |
+--------+-----------+------------+-------------+
|      1 | 685516647 | 8523696542 | 2022-10-29  |
|      2 | 427438964 | 1254547264 | 2022-06-01  |
|      3 | 736452925 | 9854542541 | 2022-08-18  |
|      4 | 324521591 | 9278161757 | 2022-07-23  |
|      5 | 988455183 | 9855755624 | 2022-09-07  |
|      6 | 779472588 | 9568755624 | 2022-11-07  |
|      7 | 685516647 | 6422625263 | 2022-10-25  |
|      8 | 685516647 | 7288227188 | 2022-10-14  |
|      9 | 685516647 | 7355755625 | 2022-11-17  |
|     10 | 685516647 | 7355755628 | 2022-07-07  |
|     11 | 744243646 | 7492133892 | 2022-10-02  |
|     12 | 983486559 | 8648347264 | 2022-09-28  |
+--------+-----------+------------+-------------+
12 rows in set (0.01 sec)

mysql> select * from renew_membersip;
ERROR 1146 (42S02): Table 'pxs9233.renew_membersip' doesn't exist
mysql> select * from renew_membership;
+--------+-----------+--------------+--------------+
| Number | Ssn       | Member_fname | Member_lname |
+--------+-----------+--------------+--------------+
|      1 | 168166842 | Fulton       | Whitley      |
|      2 | 749959877 | Buckminster  | Lewis        |
|      3 | 789658745 | Praneetha    | S            |
|      4 | 982193141 | Wyatt        | Barnes       |
+--------+-----------+--------------+--------------+
4 rows in set (0.01 sec)

mysql> notee;
